22.911: [GC 22.934: [ParNew: 34112K->2497K(38336K), 0.0156994 secs] 34112K->2497K(1044352K), 0.0158328 secs] [Times: user=0.03 sys=0.00, real=0.03 secs] 
24.689: [GC [1 CMS-initial-mark: 0K(1006016K)] 17958K(1044352K), 0.0128492 secs] [Times: user=0.01 sys=0.00, real=0.02 secs] 
24.702: [CMS-concurrent-mark-start]
24.785: [CMS-concurrent-mark: 0.064/0.082 secs] [Times: user=0.13 sys=0.02, real=0.08 secs] 
24.785: [CMS-concurrent-preclean-start]
24.795: [CMS-concurrent-preclean: 0.003/0.011 secs] [Times: user=0.01 sys=0.00, real=0.01 secs] 
24.795: [CMS-concurrent-abortable-preclean-start]
26.932: [GC 26.932: [ParNew: 36608K->3755K(38336K), 0.0279681 secs] 36608K->6317K(1044352K), 0.0280360 secs] [Times: user=0.03 sys=0.00, real=0.02 secs] 
28.197: [CMS-concurrent-abortable-preclean: 0.034/3.401 secs] [Times: user=1.41 sys=0.05, real=3.40 secs] 
28.197: [GC[YG occupancy: 21166 K (38336 K)]28.198: [Rescan (parallel) , 0.0084498 secs]28.206: [weak refs processing, 0.0000059 secs] [1 CMS-remark: 2561K(1006016K)] 23727K(1044352K), 0.0085610 secs] [Times: user=0.01 sys=0.00, real=0.01 secs] 
28.206: [CMS-concurrent-sweep-start]
28.206: [CMS-concurrent-sweep: 0.000/0.000 secs] [Times: user=0.00 sys=0.00, real=0.00 secs] 
28.206: [CMS-concurrent-reset-start]
28.211: [CMS-concurrent-reset: 0.004/0.004 secs] [Times: user=0.00 sys=0.00, real=0.01 secs] 
33.480: [GC 33.480: [ParNew: 37867K->3625K(38336K), 0.0143234 secs] 40429K->8741K(1044352K) icms_dc=5 , 0.0144191 secs] [Times: user=0.02 sys=0.01, real=0.02 secs] 
35.760: [GC [1 CMS-initial-mark: 5116K(1006016K)] 25059K(1044352K), 0.0124638 secs] [Times: user=0.01 sys=0.00, real=0.02 secs] 
35.772: [CMS-concurrent-mark-start]
35.805: [CMS-concurrent-mark: 0.032/0.032 secs] [Times: user=0.05 sys=0.00, real=0.03 secs] 
35.805: [CMS-concurrent-preclean-start]
35.808: [CMS-concurrent-preclean: 0.003/0.003 secs] [Times: user=0.00 sys=0.00, real=0.00 secs] 
35.808: [CMS-concurrent-abortable-preclean-start]
37.297: [GC 37.297: [ParNew: 37737K->3812K(38336K), 0.0128956 secs] 42853K->11277K(1044352K) icms_dc=5 , 0.0129729 secs] [Times: user=0.02 sys=0.00, real=0.01 secs] 
43.280: [GC 43.280: [ParNew: 37924K->2449K(38336K), 0.0230592 secs] 45389K->12136K(1044352K) icms_dc=5 , 0.0231241 secs] [Times: user=0.03 sys=0.00, real=0.03 secs] 
 CMS: abort preclean due to time 48.640: [CMS-concurrent-abortable-preclean: 0.022/12.832 secs] [Times: user=2.56 sys=0.24, real=12.83 secs] 
48.641: [GC[YG occupancy: 18814 K (38336 K)]48.641: [Rescan (parallel) , 0.0096853 secs]48.651: [weak refs processing, 0.0000058 secs] [1 CMS-remark: 9686K(1006016K)] 28500K(1044352K), 0.0097709 secs] [Times: user=0.01 sys=0.00, real=0.00 secs] 
48.651: [CMS-concurrent-sweep-start]
48.653: [CMS-concurrent-sweep: 0.002/0.002 secs] [Times: user=0.01 sys=0.00, real=0.00 secs] 
48.653: [CMS-concurrent-reset-start]
48.657: [CMS-concurrent-reset: 0.003/0.003 secs] [Times: user=0.00 sys=0.00, real=0.00 secs] 
50.051: [GC 50.051: [ParNew: 36561K->4224K(38336K), 0.0466032 secs] 46230K->23324K(1044352K) icms_dc=1 , 0.0466747 secs] [Times: user=0.06 sys=0.00, real=0.04 secs] 
51.198: [GC [1 CMS-initial-mark: 19100K(1006016K)] 40491K(1044352K), 0.0209287 secs] [Times: user=0.02 sys=0.00, real=0.02 secs] 
51.219: [CMS-concurrent-mark-start]
51.762: [GC 51.762: [ParNew: 38336K->4224K(38336K), 0.0384428 secs] 57436K->28479K(1044352K) icms_dc=1 , 0.0385220 secs] [Times: user=0.04 sys=0.00, real=0.03 secs] 
52.263: [CMS-concurrent-mark: 0.067/1.044 secs] [Times: user=0.89 sys=0.03, real=1.05 secs] 
52.263: [CMS-concurrent-preclean-start]
52.267: [CMS-concurrent-preclean: 0.004/0.004 secs] [Times: user=0.00 sys=0.00, real=0.00 secs] 
52.267: [CMS-concurrent-abortable-preclean-start]
52.696: [GC 52.696: [ParNew: 38336K->4224K(38336K), 0.0261459 secs] 62591K->32444K(1044352K) icms_dc=3 , 0.0262223 secs] [Times: user=0.04 sys=0.00, real=0.03 secs] 
52.915: [CMS-concurrent-abortable-preclean: 0.022/0.648 secs] [Times: user=0.59 sys=0.03, real=0.65 secs] 
52.917: [GC[YG occupancy: 21407 K (38336 K)]52.917: [Rescan (parallel) , 0.0173918 secs]52.934: [weak refs processing, 0.0000061 secs] [1 CMS-remark: 28220K(1006016K)] 49627K(1044352K), 0.0175119 secs] [Times: user=0.02 sys=0.00, real=0.02 secs] 
52.936: [CMS-concurrent-sweep-start]
52.944: [CMS-concurrent-sweep: 0.008/0.008 secs] [Times: user=0.01 sys=0.00, real=0.01 secs] 
52.944: [CMS-concurrent-reset-start]
52.948: [CMS-concurrent-reset: 0.004/0.004 secs] [Times: user=0.00 sys=0.00, real=0.00 secs] 
53.264: [GC 53.264: [ParNew: 38336K->4224K(38336K), 0.0252509 secs] 66457K->36415K(1044352K) icms_dc=2 , 0.0253195 secs] [Times: user=0.04 sys=0.00, real=0.02 secs] 
53.505: [GC [1 CMS-initial-mark: 32191K(1006016K)] 53622K(1044352K), 0.0208543 secs] [Times: user=0.02 sys=0.00, real=0.02 secs] 
53.526: [CMS-concurrent-mark-start]
53.751: [GC 53.751: [ParNew: 38336K->4224K(38336K), 0.0254966 secs] 70527K->39851K(1044352K) icms_dc=4 , 0.0255627 secs] [Times: user=0.04 sys=0.00, real=0.02 secs] 
54.115: [GC 54.134: [ParNew: 38336K->4224K(38336K), 0.0409702 secs] 73963K->45083K(1044352K) icms_dc=8 , 0.0410685 secs] [Times: user=0.05 sys=0.01, real=0.06 secs] 
54.482: [CMS-concurrent-mark: 0.108/0.956 secs] [Times: user=0.78 sys=0.02, real=0.96 secs] 
54.482: [CMS-concurrent-preclean-start]
54.484: [CMS-concurrent-preclean: 0.002/0.002 secs] [Times: user=0.01 sys=0.00, real=0.00 secs] 
54.484: [CMS-concurrent-abortable-preclean-start]
54.702: [GC 54.702: [ParNew: 38336K->4224K(38336K), 0.0249864 secs] 79195K->48694K(1044352K) icms_dc=9 , 0.0250563 secs] [Times: user=0.04 sys=0.00, real=0.02 secs] 
54.998: [CMS-concurrent-abortable-preclean: 0.018/0.513 secs] [Times: user=0.46 sys=0.02, real=0.51 secs] 
55.001: [GC[YG occupancy: 26531 K (38336 K)]55.001: [Rescan (parallel) , 0.0225107 secs]55.023: [weak refs processing, 0.0000129 secs] [1 CMS-remark: 44470K(1006016K)] 71002K(1044352K), 0.0226009 secs] [Times: user=0.02 sys=0.00, real=0.03 secs] 
55.023: [CMS-concurrent-sweep-start]
55.160: [GC 55.160: [ParNew: 38336K->4224K(38336K), 0.0280536 secs] 82806K->53541K(1044352K) icms_dc=12 , 0.0281273 secs] [Times: user=0.04 sys=0.00, real=0.03 secs] 
55.361: [CMS-concurrent-sweep: 0.013/0.338 secs] [Times: user=0.25 sys=0.02, real=0.34 secs] 
55.361: [CMS-concurrent-reset-start]
55.365: [CMS-concurrent-reset: 0.004/0.004 secs] [Times: user=0.00 sys=0.00, real=0.00 secs] 
55.683: [GC 55.683: [ParNew: 38336K->4224K(38336K), 0.0282299 secs] 87616K->58288K(1044352K) icms_dc=7 , 0.0283196 secs] [Times: user=0.04 sys=0.00, real=0.03 secs] 
55.824: [GC [1 CMS-initial-mark: 54064K(1006016K)] 74157K(1044352K), 0.0209842 secs] [Times: user=0.02 sys=0.00, real=0.02 secs] 
55.846: [CMS-concurrent-mark-start]
56.027: [GC 56.027: [ParNew: 38336K->4224K(38336K), 0.0281766 secs] 92400K->62587K(1044352K) icms_dc=10 , 0.0282682 secs] [Times: user=0.04 sys=0.00, real=0.03 secs] 
56.349: [GC 56.349: [ParNew: 38336K->4224K(38336K), 0.0346563 secs] 96699K->68291K(1044352K) icms_dc=15 , 0.0347372 secs] [Times: user=0.05 sys=0.00, real=0.04 secs] 
56.533: [CMS-concurrent-mark: 0.112/0.688 secs] [Times: user=0.79 sys=0.03, real=0.69 secs] 
56.533: [CMS-concurrent-preclean-start]
56.545: [CMS-concurrent-preclean: 0.011/0.011 secs] [Times: user=0.02 sys=0.00, real=0.01 secs] 
56.545: [CMS-concurrent-abortable-preclean-start]
56.666: [GC 56.666: [ParNew: 38336K->4224K(38336K), 0.0461640 secs] 102403K->72431K(1044352K) icms_dc=15 , 0.0462393 secs] [Times: user=0.04 sys=0.00, real=0.05 secs] 
60.517: [CMS-concurrent-abortable-preclean: 0.099/3.972 secs] [Times: user=0.37 sys=0.07, real=3.97 secs] 
60.517: [GC[YG occupancy: 21710 K (38336 K)]60.518: [Rescan (parallel) , 0.0112704 secs]60.529: [weak refs processing, 0.0000347 secs] [1 CMS-remark: 68207K(1006016K)] 89917K(1044352K), 0.0114173 secs] [Times: user=0.02 sys=0.00, real=0.01 secs] 
60.529: [CMS-concurrent-sweep-start]
60.551: [CMS-concurrent-sweep: 0.022/0.022 secs] [Times: user=0.02 sys=0.00, real=0.03 secs] 
60.551: [CMS-concurrent-reset-start]
60.556: [CMS-concurrent-reset: 0.005/0.005 secs] [Times: user=0.00 sys=0.00, real=0.00 secs] 
68.833: [GC 68.833: [ParNew: 38336K->3221K(38336K), 0.0163971 secs] 106521K->74653K(1044352K) icms_dc=10 , 0.0165083 secs] [Times: user=0.02 sys=0.00, real=0.01 secs] 
76.338: [GC [1 CMS-initial-mark: 71432K(1006016K)] 90184K(1044352K), 0.0070996 secs] [Times: user=0.01 sys=0.00, real=0.03 secs] 
76.362: [CMS-concurrent-mark-start]
76.491: [CMS-concurrent-mark: 0.129/0.129 secs] [Times: user=0.12 sys=0.00, real=0.12 secs] 
76.491: [CMS-concurrent-preclean-start]
76.493: [CMS-concurrent-preclean: 0.002/0.002 secs] [Times: user=0.00 sys=0.00, real=0.01 secs] 
76.493: [CMS-concurrent-abortable-preclean-start]
85.841: [GC 85.841: [ParNew: 37333K->908K(38336K), 0.0024679 secs] 108765K->72340K(1044352K) icms_dc=10 , 0.0025271 secs] [Times: user=0.01 sys=0.00, real=0.01 secs] 
 CMS: abort preclean due to time 93.342: [CMS-concurrent-abortable-preclean: 0.049/16.849 secs] [Times: user=0.26 sys=0.14, real=16.84 secs] 
93.342: [GC[YG occupancy: 16418 K (38336 K)]93.367: [Rescan (parallel) , 0.0088852 secs]93.376: [weak refs processing, 0.0000836 secs] [1 CMS-remark: 71432K(1006016K)] 87850K(1044352K), 0.0092199 secs] [Times: user=0.01 sys=0.00, real=0.03 secs] 
93.377: [CMS-concurrent-sweep-start]
93.420: [CMS-concurrent-sweep: 0.044/0.044 secs] [Times: user=0.03 sys=0.00, real=0.04 secs] 
93.420: [CMS-concurrent-reset-start]
93.424: [CMS-concurrent-reset: 0.004/0.004 secs] [Times: user=0.00 sys=0.00, real=0.01 secs] 
102.845: [GC 102.861: [ParNew: 35020K->959K(38336K), 0.0164609 secs] 106389K->72329K(1044352K) icms_dc=5 , 0.0165752 secs] [Times: user=0.00 sys=0.01, real=0.03 secs] 
110.847: [GC [1 CMS-initial-mark: 71369K(1006016K)] 88902K(1044352K), 0.0070730 secs] [Times: user=0.00 sys=0.00, real=0.01 secs] 
110.856: [CMS-concurrent-mark-start]
110.980: [CMS-concurrent-mark: 0.124/0.124 secs] [Times: user=0.13 sys=0.00, real=0.12 secs] 
110.980: [CMS-concurrent-preclean-start]
110.982: [CMS-concurrent-preclean: 0.002/0.002 secs] [Times: user=0.00 sys=0.00, real=0.00 secs] 
110.982: [CMS-concurrent-abortable-preclean-start]
119.851: [GC 119.851: [ParNew: 35071K->732K(38336K), 0.0021938 secs] 106441K->72102K(1044352K) icms_dc=5 , 0.0022419 secs] [Times: user=0.01 sys=0.01, real=0.01 secs] 
 CMS: abort preclean due to time 127.850: [CMS-concurrent-abortable-preclean: 0.024/16.867 secs] [Times: user=0.23 sys=0.14, real=16.87 secs] 
127.850: [GC[YG occupancy: 17203 K (38336 K)]127.875: [Rescan (parallel) , 0.0076406 secs]127.882: [weak refs processing, 0.0000123 secs] [1 CMS-remark: 71369K(1006016K)] 88573K(1044352K), 0.0078045 secs] [Times: user=0.01 sys=0.00, real=0.03 secs] 
127.883: [CMS-concurrent-sweep-start]
127.914: [CMS-concurrent-sweep: 0.031/0.031 secs] [Times: user=0.03 sys=0.00, real=0.04 secs] 
127.914: [CMS-concurrent-reset-start]
127.918: [CMS-concurrent-reset: 0.004/0.004 secs] [Times: user=0.01 sys=0.00, real=0.00 secs] 
137.344: [GC 137.344: [ParNew: 34844K->504K(38336K), 0.0028604 secs] 106212K->72419K(1044352K) icms_dc=0 , 0.0029209 secs] [Times: user=0.00 sys=0.00, real=0.00 secs] 
154.348: [GC 154.372: [ParNew: 34616K->126K(38336K), 0.0010598 secs] 106531K->72044K(1044352K) icms_dc=0 , 0.0011609 secs] [Times: user=0.00 sys=0.00, real=0.02 secs] 
171.356: [GC 171.356: [ParNew: 34238K->31K(38336K), 0.0021856 secs] 106156K->71949K(1044352K) icms_dc=0 , 0.0022427 secs] [Times: user=0.00 sys=0.00, real=0.00 secs] 
188.357: [GC 188.358: [ParNew: 34143K->8K(38336K), 0.0008750 secs] 106061K->71926K(1044352K) icms_dc=0 , 0.0009204 secs] [Times: user=0.01 sys=0.00, real=0.00 secs] 
205.369: [GC 205.369: [ParNew: 34120K->4K(38336K), 0.0009227 secs] 106038K->71922K(1044352K) icms_dc=0 , 0.0009636 secs] [Times: user=0.00 sys=0.00, real=0.00 secs] 
222.870: [GC 222.870: [ParNew: 34116K->4K(38336K), 0.0008971 secs] 106034K->71922K(1044352K) icms_dc=0 , 0.0009448 secs] [Times: user=0.00 sys=0.00, real=0.00 secs] 
239.876: [GC 239.876: [ParNew: 34116K->4K(38336K), 0.0010193 secs] 106034K->71922K(1044352K) icms_dc=0 , 0.0010675 secs] [Times: user=0.00 sys=0.00, real=0.01 secs] 
256.878: [GC 256.878: [ParNew: 34116K->2K(38336K), 0.0024480 secs] 106034K->71920K(1044352K) icms_dc=0 , 0.0025158 secs] [Times: user=0.00 sys=0.00, real=0.00 secs] 
273.880: [GC 273.880: [ParNew: 34114K->4K(38336K), 0.0009402 secs] 106032K->71922K(1044352K) icms_dc=0 , 0.0009854 secs] [Times: user=0.00 sys=0.00, real=0.00 secs] 
291.103: [GC 291.103: [ParNew: 34116K->4K(38336K), 0.0009198 secs] 106034K->71922K(1044352K) icms_dc=0 , 0.0009674 secs] [Times: user=0.00 sys=0.00, real=0.00 secs] 
308.383: [GC 308.383: [ParNew: 34116K->4K(38336K), 0.0009554 secs] 106034K->71922K(1044352K) icms_dc=0 , 0.0010013 secs] [Times: user=0.00 sys=0.00, real=0.00 secs] 
325.118: [GC 325.118: [ParNew: 34116K->4K(38336K), 0.0009185 secs] 106034K->71922K(1044352K) icms_dc=0 , 0.0009636 secs] [Times: user=0.00 sys=0.00, real=0.00 secs] 
342.395: [GC 342.422: [ParNew: 34116K->4K(38336K), 0.0010200 secs] 106034K->71922K(1044352K) icms_dc=0 , 0.0011020 secs] [Times: user=0.00 sys=0.00, real=0.03 secs] 
359.134: [GC 359.134: [ParNew: 34116K->22K(38336K), 0.0010314 secs] 106034K->71940K(1044352K) icms_dc=0 , 0.0010776 secs] [Times: user=0.00 sys=0.00, real=0.00 secs] 
376.424: [GC 376.425: [ParNew: 34134K->21K(38336K), 0.0032186 secs] 106052K->71939K(1044352K) icms_dc=0 , 0.0032858 secs] [Times: user=0.00 sys=0.00, real=0.00 secs] 
393.150: [GC 393.150: [ParNew: 34133K->34K(38336K), 0.0009734 secs] 106051K->71953K(1044352K) icms_dc=0 , 0.0010189 secs] [Times: user=0.00 sys=0.00, real=0.00 secs] 
410.439: [GC 410.439: [ParNew: 34146K->23K(38336K), 0.0009824 secs] 106065K->71941K(1044352K) icms_dc=0 , 0.0010291 secs] [Times: user=0.01 sys=0.00, real=0.00 secs] 
427.166: [GC 427.166: [ParNew: 34135K->16K(38336K), 0.0009793 secs] 106053K->71952K(1044352K) icms_dc=0 , 0.0010247 secs] [Times: user=0.00 sys=0.00, real=0.00 secs] 
444.445: [GC 444.445: [ParNew: 34128K->4K(38336K), 0.0009554 secs] 106064K->71940K(1044352K) icms_dc=0 , 0.0009996 secs] [Times: user=0.00 sys=0.00, real=0.00 secs] 
461.184: [GC 461.184: [ParNew: 34116K->4K(38336K), 0.0009674 secs] 106052K->71939K(1044352K) icms_dc=0 , 0.0010115 secs] [Times: user=0.00 sys=0.00, real=0.00 secs] 
478.451: [GC 478.451: [ParNew: 34116K->4K(38336K), 0.0009660 secs] 106051K->71940K(1044352K) icms_dc=0 , 0.0010107 secs] [Times: user=0.00 sys=0.00, real=0.00 secs] 
495.205: [GC 495.205: [ParNew: 34116K->4K(38336K), 0.0008802 secs] 106052K->71939K(1044352K) icms_dc=0 , 0.0009243 secs] [Times: user=0.00 sys=0.00, real=0.00 secs] 
512.458: [GC 512.458: [ParNew: 34116K->4K(38336K), 0.0009554 secs] 106051K->71940K(1044352K) icms_dc=0 , 0.0010004 secs] [Times: user=0.00 sys=0.00, real=0.00 secs] 
529.221: [GC 529.221: [ParNew: 34116K->4K(38336K), 0.0008836 secs] 106052K->71939K(1044352K) icms_dc=0 , 0.0009304 secs] [Times: user=0.00 sys=0.00, real=0.00 secs] 
546.471: [GC 546.471: [ParNew: 34116K->2K(38336K), 0.0018091 secs] 106051K->71937K(1044352K) icms_dc=0 , 0.0018574 secs] [Times: user=0.00 sys=0.00, real=0.00 secs] 
563.237: [GC 563.237: [ParNew: 34114K->4K(38336K), 0.0008715 secs] 106049K->71939K(1044352K) icms_dc=0 , 0.0009150 secs] [Times: user=0.01 sys=0.00, real=0.01 secs] 
580.477: [GC 580.500: [ParNew: 34116K->4K(38336K), 0.0011045 secs] 106051K->71939K(1044352K) icms_dc=0 , 0.0011756 secs] [Times: user=0.00 sys=0.01, real=0.03 secs] 
597.253: [GC 597.253: [ParNew: 34116K->4K(38336K), 0.0008708 secs] 106051K->71939K(1044352K) icms_dc=0 , 0.0009135 secs] [Times: user=0.00 sys=0.00, real=0.00 secs] 
614.489: [GC 614.489: [ParNew: 34116K->4K(38336K), 0.0013066 secs] 106051K->71940K(1044352K) icms_dc=0 , 0.0013534 secs] [Times: user=0.00 sys=0.00, real=0.01 secs] 
631.271: [GC 631.271: [ParNew: 34116K->4K(38336K), 0.0010380 secs] 106052K->71939K(1044352K) icms_dc=0 , 0.0011044 secs] [Times: user=0.00 sys=0.00, real=0.00 secs] 
648.501: [GC 648.501: [ParNew: 34116K->4K(38336K), 0.0009395 secs] 106051K->71939K(1044352K) icms_dc=0 , 0.0009836 secs] [Times: user=0.01 sys=0.00, real=0.00 secs] 
665.287: [GC 665.287: [ParNew: 34116K->4K(38336K), 0.0009165 secs] 106051K->71939K(1044352K) icms_dc=0 , 0.0009620 secs] [Times: user=0.00 sys=0.00, real=0.00 secs] 
682.510: [GC 682.510: [ParNew: 34116K->4K(38336K), 0.0009499 secs] 106051K->71939K(1044352K) icms_dc=0 , 0.0010335 secs] [Times: user=0.00 sys=0.00, real=0.00 secs] 
699.303: [GC 699.303: [ParNew: 34116K->4K(38336K), 0.0008618 secs] 106051K->71939K(1044352K) icms_dc=0 , 0.0009053 secs] [Times: user=0.00 sys=0.00, real=0.00 secs] 
716.524: [GC 716.525: [ParNew: 34116K->4K(38336K), 0.0009820 secs] 106051K->71939K(1044352K) icms_dc=0 , 0.0010274 secs] [Times: user=0.01 sys=0.00, real=0.00 secs] 
733.322: [GC 733.333: [ParNew: 34116K->4K(38336K), 0.0009758 secs] 106051K->71940K(1044352K) icms_dc=0 , 0.0010693 secs] [Times: user=0.00 sys=0.00, real=0.02 secs] 
750.531: [GC 750.532: [ParNew: 34116K->4K(38336K), 0.0009540 secs] 106052K->71940K(1044352K) icms_dc=0 , 0.0009982 secs] [Times: user=0.00 sys=0.00, real=0.00 secs] 
767.349: [GC 767.349: [ParNew: 34116K->4K(38336K), 0.0010125 secs] 106052K->71940K(1044352K) icms_dc=0 , 0.0010582 secs] [Times: user=0.00 sys=0.00, real=0.00 secs] 
784.545: [GC 784.545: [ParNew: 34116K->2K(38336K), 0.0025219 secs] 106052K->71938K(1044352K) icms_dc=0 , 0.0025894 secs] [Times: user=0.00 sys=0.00, real=0.00 secs] 
801.365: [GC 801.365: [ParNew: 34114K->4K(38336K), 0.0009169 secs] 106050K->71940K(1044352K) icms_dc=0 , 0.0009624 secs] [Times: user=0.00 sys=0.00, real=0.00 secs] 
818.559: [GC 818.559: [ParNew: 34116K->4K(38336K), 0.0009312 secs] 106052K->71940K(1044352K) icms_dc=0 , 0.0009771 secs] [Times: user=0.01 sys=0.00, real=0.00 secs] 
835.382: [GC 835.382: [ParNew: 34116K->4K(38336K), 0.0009185 secs] 106052K->71940K(1044352K) icms_dc=0 , 0.0009689 secs] [Times: user=0.01 sys=0.00, real=0.00 secs] 
852.563: [GC 852.563: [ParNew: 34116K->4K(38336K), 0.0009079 secs] 106052K->71940K(1044352K) icms_dc=0 , 0.0009531 secs] [Times: user=0.00 sys=0.00, real=0.00 secs] 
869.398: [GC 869.398: [ParNew: 34116K->4K(38336K), 0.0008872 secs] 106052K->71940K(1044352K) icms_dc=0 , 0.0009321 secs] [Times: user=0.00 sys=0.00, real=0.00 secs] 
886.576: [GC 886.576: [ParNew: 34116K->4K(38336K), 0.0010849 secs] 106052K->71940K(1044352K) icms_dc=0 , 0.0011304 secs] [Times: user=0.00 sys=0.00, real=0.00 secs] 
903.413: [GC 903.413: [ParNew: 34116K->2K(38336K), 0.0135806 secs] 106052K->71938K(1044352K) icms_dc=0 , 0.0136772 secs] [Times: user=0.00 sys=0.00, real=0.01 secs] 
920.584: [GC 920.584: [ParNew: 34114K->4K(38336K), 0.0009727 secs] 106050K->71940K(1044352K) icms_dc=0 , 0.0010215 secs] [Times: user=0.00 sys=0.00, real=0.00 secs] 
937.450: [GC 937.450: [ParNew: 34116K->4K(38336K), 0.0008424 secs] 106052K->71940K(1044352K) icms_dc=0 , 0.0008891 secs] [Times: user=0.00 sys=0.00, real=0.00 secs] 
954.588: [GC 954.588: [ParNew: 34116K->4K(38336K), 0.0009477 secs] 106052K->71940K(1044352K) icms_dc=0 , 0.0009900 secs] [Times: user=0.00 sys=0.00, real=0.00 secs] 
971.466: [GC 971.466: [ParNew: 34116K->4K(38336K), 0.0008607 secs] 106052K->71940K(1044352K) icms_dc=0 , 0.0009038 secs] [Times: user=0.00 sys=0.00, real=0.00 secs] 
988.593: [GC 988.593: [ParNew: 34116K->4K(38336K), 0.0009123 secs] 106052K->71940K(1044352K) icms_dc=0 , 0.0009557 secs] [Times: user=0.00 sys=0.00, real=0.00 secs] 
1005.487: [GC 1005.488: [ParNew: 34116K->4K(38336K), 0.0008849 secs] 106052K->71940K(1044352K) icms_dc=0 , 0.0009312 secs] [Times: user=0.00 sys=0.00, real=0.00 secs] 
1022.595: [GC 1022.595: [ParNew: 34116K->4K(38336K), 0.0009906 secs] 106052K->71940K(1044352K) icms_dc=0 , 0.0010328 secs] [Times: user=0.00 sys=0.00, real=0.00 secs] 
1039.507: [GC 1039.507: [ParNew: 34116K->4K(38336K), 0.0008663 secs] 106052K->71940K(1044352K) icms_dc=0 , 0.0009103 secs] [Times: user=0.00 sys=0.00, real=0.00 secs] 
1056.603: [GC 1056.603: [ParNew: 34116K->4K(38336K), 0.0009529 secs] 106052K->71940K(1044352K) icms_dc=0 , 0.0009973 secs] [Times: user=0.00 sys=0.00, real=0.00 secs] 
1073.526: [GC 1073.526: [ParNew: 34116K->4K(38336K), 0.0008748 secs] 106052K->71940K(1044352K) icms_dc=0 , 0.0009206 secs] [Times: user=0.00 sys=0.00, real=0.00 secs] 
1090.614: [GC 1090.614: [ParNew: 34116K->4K(38336K), 0.0009181 secs] 106052K->71940K(1044352K) icms_dc=0 , 0.0009611 secs] [Times: user=0.01 sys=0.00, real=0.01 secs] 
1107.541: [GC 1107.541: [ParNew: 34116K->4K(38336K), 0.0011138 secs] 106052K->71940K(1044352K) icms_dc=0 , 0.0012620 secs] [Times: user=0.00 sys=0.00, real=0.00 secs] 
1124.621: [GC 1124.621: [ParNew: 34116K->4K(38336K), 0.0008999 secs] 106052K->71940K(1044352K) icms_dc=0 , 0.0009438 secs] [Times: user=0.00 sys=0.00, real=0.00 secs] 
1141.557: [GC 1141.557: [ParNew: 34116K->4K(38336K), 0.0008262 secs] 106052K->71940K(1044352K) icms_dc=0 , 0.0008695 secs] [Times: user=0.00 sys=0.00, real=0.00 secs] 
1158.627: [GC 1158.641: [ParNew: 34116K->4K(38336K), 0.0009551 secs] 106052K->71940K(1044352K) icms_dc=0 , 0.0010366 secs] [Times: user=0.01 sys=0.00, real=0.01 secs] 
1175.573: [GC 1175.574: [ParNew: 34116K->4K(38336K), 0.0022292 secs] 106052K->71940K(1044352K) icms_dc=0 , 0.0022951 secs] [Times: user=0.00 sys=0.00, real=0.00 secs] 
1192.635: [GC 1192.635: [ParNew: 34116K->4K(38336K), 0.0009081 secs] 106052K->71940K(1044352K) icms_dc=0 , 0.0009524 secs] [Times: user=0.00 sys=0.00, real=0.00 secs] 
1209.592: [GC 1209.592: [ParNew: 34116K->4K(38336K), 0.0008577 secs] 106052K->71940K(1044352K) icms_dc=0 , 0.0009030 secs] [Times: user=0.00 sys=0.00, real=0.00 secs] 
1226.641: [GC 1226.641: [ParNew: 34116K->4K(38336K), 0.0010274 secs] 106052K->71940K(1044352K) icms_dc=0 , 0.0010739 secs] [Times: user=0.01 sys=0.00, real=0.00 secs] 
1243.607: [GC 1243.607: [ParNew: 34116K->4K(38336K), 0.0010822 secs] 106052K->71940K(1044352K) icms_dc=0 , 0.0011315 secs] [Times: user=0.00 sys=0.00, real=0.00 secs] 
1260.650: [GC 1260.650: [ParNew: 34116K->4K(38336K), 0.0010174 secs] 106052K->71940K(1044352K) icms_dc=0 , 0.0010667 secs] [Times: user=0.00 sys=0.00, real=0.00 secs] 
1277.623: [GC 1277.623: [ParNew: 34116K->4K(38336K), 0.0008129 secs] 106052K->71940K(1044352K) icms_dc=0 , 0.0008571 secs] [Times: user=0.00 sys=0.00, real=0.00 secs] 
1294.656: [GC 1294.656: [ParNew: 34116K->4K(38336K), 0.0009338 secs] 106052K->71940K(1044352K) icms_dc=0 , 0.0009787 secs] [Times: user=0.00 sys=0.00, real=0.00 secs] 
1311.638: [GC 1311.638: [ParNew: 34116K->4K(38336K), 0.0008229 secs] 106052K->71940K(1044352K) icms_dc=0 , 0.0008656 secs] [Times: user=0.00 sys=0.00, real=0.00 secs] 
1328.664: [GC 1328.664: [ParNew: 34116K->4K(38336K), 0.0009255 secs] 106052K->71940K(1044352K) icms_dc=0 , 0.0009713 secs] [Times: user=0.00 sys=0.00, real=0.00 secs] 
1345.658: [GC 1345.658: [ParNew: 34116K->4K(38336K), 0.0010036 secs] 106052K->71940K(1044352K) icms_dc=0 , 0.0010499 secs] [Times: user=0.00 sys=0.01, real=0.00 secs] 
1362.667: [GC 1362.694: [ParNew: 34116K->4K(38336K), 0.0010200 secs] 106052K->71940K(1044352K) icms_dc=0 , 0.0011220 secs] [Times: user=0.00 sys=0.00, real=0.03 secs] 
1379.673: [GC 1379.673: [ParNew: 34116K->4K(38336K), 0.0008360 secs] 106052K->71940K(1044352K) icms_dc=0 , 0.0008807 secs] [Times: user=0.00 sys=0.00, real=0.01 secs] 
1396.682: [GC 1396.682: [ParNew: 34116K->4K(38336K), 0.0009149 secs] 106052K->71941K(1044352K) icms_dc=0 , 0.0009558 secs] [Times: user=0.00 sys=0.00, real=0.00 secs] 
1413.690: [GC 1413.690: [ParNew: 34116K->4K(38336K), 0.0008412 secs] 106053K->71941K(1044352K) icms_dc=0 , 0.0008904 secs] [Times: user=0.01 sys=0.00, real=0.00 secs] 
1431.186: [GC 1431.186: [ParNew: 34116K->4K(38336K), 0.0009373 secs] 106053K->71940K(1044352K) icms_dc=0 , 0.0009820 secs] [Times: user=0.00 sys=0.00, real=0.00 secs] 
1447.708: [GC 1447.709: [ParNew: 34116K->4K(38336K), 0.0008369 secs] 106052K->71940K(1044352K) icms_dc=0 , 0.0008822 secs] [Times: user=0.00 sys=0.00, real=0.00 secs] 
1465.196: [GC 1465.196: [ParNew: 34116K->4K(38336K), 0.0009951 secs] 106052K->71941K(1044352K) icms_dc=0 , 0.0010399 secs] [Times: user=0.00 sys=0.00, real=0.00 secs] 
1481.725: [GC 1481.725: [ParNew: 34116K->4K(38336K), 0.0008213 secs] 106053K->71940K(1044352K) icms_dc=0 , 0.0008654 secs] [Times: user=0.00 sys=0.00, real=0.01 secs] 
1499.200: [GC 1499.200: [ParNew: 34116K->4K(38336K), 0.0009716 secs] 106052K->71940K(1044352K) icms_dc=0 , 0.0010158 secs] [Times: user=0.00 sys=0.00, real=0.00 secs] 
1515.742: [GC 1515.742: [ParNew: 34116K->4K(38336K), 0.0008450 secs] 106052K->71940K(1044352K) icms_dc=0 , 0.0009261 secs] [Times: user=0.01 sys=0.00, real=0.00 secs] 
1533.211: [GC 1533.255: [ParNew: 34116K->4K(38336K), 0.0009533 secs] 106052K->71941K(1044352K) icms_dc=0 , 0.0010310 secs] [Times: user=0.00 sys=0.00, real=0.04 secs] 
1549.758: [GC 1549.758: [ParNew: 34116K->4K(38336K), 0.0008316 secs] 106053K->71940K(1044352K) icms_dc=0 , 0.0008746 secs] [Times: user=0.00 sys=0.00, real=0.00 secs] 
1567.216: [GC 1567.217: [ParNew: 34116K->4K(38336K), 0.0009321 secs] 106052K->71940K(1044352K) icms_dc=0 , 0.0009794 secs] [Times: user=0.00 sys=0.00, real=0.00 secs] 
1583.776: [GC 1583.776: [ParNew: 34116K->4K(38336K), 0.0014945 secs] 106052K->71940K(1044352K) icms_dc=0 , 0.0015626 secs] [Times: user=0.00 sys=0.00, real=0.00 secs] 
1601.222: [GC 1601.222: [ParNew: 34116K->4K(38336K), 0.0009190 secs] 106052K->71940K(1044352K) icms_dc=0 , 0.0009614 secs] [Times: user=0.00 sys=0.00, real=0.00 secs] 
1617.799: [GC 1617.799: [ParNew: 34116K->4K(38336K), 0.0008610 secs] 106052K->71940K(1044352K) icms_dc=0 , 0.0009051 secs] [Times: user=0.00 sys=0.00, real=0.00 secs] 
1635.228: [GC 1635.244: [ParNew: 34116K->4K(38336K), 0.0012139 secs] 106052K->71941K(1044352K) icms_dc=0 , 0.0013372 secs] [Times: user=0.00 sys=0.00, real=0.02 secs] 
1651.818: [GC 1651.818: [ParNew: 34116K->4K(38336K), 0.0008344 secs] 106053K->71941K(1044352K) icms_dc=0 , 0.0008834 secs] [Times: user=0.00 sys=0.00, real=0.00 secs] 
1669.241: [GC 1669.241: [ParNew: 34116K->4K(38336K), 0.0009110 secs] 106053K->71941K(1044352K) icms_dc=0 , 0.0009542 secs] [Times: user=0.00 sys=0.00, real=0.00 secs] 
1685.835: [GC 1685.835: [ParNew: 34116K->4K(38336K), 0.0014128 secs] 106053K->71941K(1044352K) icms_dc=0 , 0.0014699 secs] [Times: user=0.00 sys=0.00, real=0.00 secs] 
1703.261: [GC 1703.261: [ParNew: 34116K->4K(38336K), 0.0011948 secs] 106053K->71941K(1044352K) icms_dc=0 , 0.0012490 secs] [Times: user=0.00 sys=0.01, real=0.00 secs] 
1719.857: [GC 1719.857: [ParNew: 34116K->4K(38336K), 0.0012234 secs] 106053K->71941K(1044352K) icms_dc=0 , 0.0012747 secs] [Times: user=0.00 sys=0.00, real=0.00 secs] 
1737.265: [GC 1737.274: [ParNew: 34116K->4K(38336K), 0.0009768 secs] 106053K->71941K(1044352K) icms_dc=0 , 0.0010632 secs] [Times: user=0.00 sys=0.00, real=0.01 secs] 
1753.875: [GC 1753.875: [ParNew: 34116K->4K(38336K), 0.0008138 secs] 106053K->71941K(1044352K) icms_dc=0 , 0.0008592 secs] [Times: user=0.00 sys=0.00, real=0.00 secs] 
1771.271: [GC 1771.272: [ParNew: 34116K->4K(38336K), 0.0008896 secs] 106053K->71941K(1044352K) icms_dc=0 , 0.0009334 secs] [Times: user=0.00 sys=0.00, real=0.00 secs] 
1787.890: [GC 1787.890: [ParNew: 34116K->4K(38336K), 0.0008194 secs] 106053K->71941K(1044352K) icms_dc=0 , 0.0008674 secs] [Times: user=0.00 sys=0.00, real=0.00 secs] 
1805.277: [GC 1805.277: [ParNew: 34116K->4K(38336K), 0.0009334 secs] 106053K->71941K(1044352K) icms_dc=0 , 0.0009793 secs] [Times: user=0.00 sys=0.00, real=0.00 secs] 
1821.906: [GC 1821.906: [ParNew: 34116K->4K(38336K), 0.0008265 secs] 106053K->71941K(1044352K) icms_dc=0 , 0.0008678 secs] [Times: user=0.00 sys=0.00, real=0.00 secs] 
1839.289: [GC 1839.289: [ParNew: 34116K->4K(38336K), 0.0009545 secs] 106053K->71941K(1044352K) icms_dc=0 , 0.0009991 secs] [Times: user=0.00 sys=0.00, real=0.00 secs] 
1855.922: [GC 1855.922: [ParNew: 34116K->4K(38336K), 0.0012762 secs] 106053K->71941K(1044352K) icms_dc=0 , 0.0013506 secs] [Times: user=0.00 sys=0.00, real=0.00 secs] 
1873.308: [GC 1873.308: [ParNew: 34116K->4K(38336K), 0.0009308 secs] 106053K->71941K(1044352K) icms_dc=0 , 0.0009776 secs] [Times: user=0.00 sys=0.00, real=0.00 secs] 
1889.943: [GC 1889.943: [ParNew: 34116K->4K(38336K), 0.0008226 secs] 106053K->71941K(1044352K) icms_dc=0 , 0.0008658 secs] [Times: user=0.01 sys=0.00, real=0.00 secs] 
1907.325: [GC 1907.344: [ParNew: 34116K->4K(38336K), 0.0013028 secs] 106053K->71941K(1044352K) icms_dc=0 , 0.0014331 secs] [Times: user=0.00 sys=0.00, real=0.02 secs] 
1923.961: [GC 1923.961: [ParNew: 34116K->4K(38336K), 0.0008168 secs] 106053K->71941K(1044352K) icms_dc=0 , 0.0008617 secs] [Times: user=0.00 sys=0.00, real=0.00 secs] 
1941.331: [GC 1941.331: [ParNew: 34116K->4K(38336K), 0.0009218 secs] 106053K->71941K(1044352K) icms_dc=0 , 0.0009671 secs] [Times: user=0.00 sys=0.00, real=0.00 secs] 
1957.976: [GC 1957.976: [ParNew: 34116K->4K(38336K), 0.0008642 secs] 106053K->71941K(1044352K) icms_dc=0 , 0.0009275 secs] [Times: user=0.00 sys=0.00, real=0.00 secs] 
1975.342: [GC 1975.342: [ParNew: 34116K->4K(38336K), 0.0009539 secs] 106053K->71941K(1044352K) icms_dc=0 , 0.0010079 secs] [Times: user=0.01 sys=0.00, real=0.00 secs] 
1991.993: [GC 1991.993: [ParNew: 34116K->4K(38336K), 0.0008347 secs] 106053K->71941K(1044352K) icms_dc=0 , 0.0008809 secs] [Times: user=0.00 sys=0.00, real=0.00 secs] 
2009.350: [GC 2009.350: [ParNew: 34116K->4K(38336K), 0.0009176 secs] 106053K->71941K(1044352K) icms_dc=0 , 0.0009622 secs] [Times: user=0.00 sys=0.00, real=0.00 secs] 
2026.009: [GC 2026.028: [ParNew: 34116K->4K(38336K), 0.0009212 secs] 106053K->71941K(1044352K) icms_dc=0 , 0.0010136 secs] [Times: user=0.00 sys=0.00, real=0.02 secs] 
2043.368: [GC 2043.368: [ParNew: 34116K->4K(38336K), 0.0009269 secs] 106053K->71941K(1044352K) icms_dc=0 , 0.0009710 secs] [Times: user=0.00 sys=0.00, real=0.00 secs] 
2060.043: [GC 2060.068: [ParNew: 34116K->4K(38336K), 0.0012294 secs] 106053K->71941K(1044352K) icms_dc=0 , 0.0013661 secs] [Times: user=0.00 sys=0.00, real=0.03 secs] 
2077.371: [GC 2077.371: [ParNew: 34116K->4K(38336K), 0.0009539 secs] 106053K->71941K(1044352K) icms_dc=0 , 0.0009961 secs] [Times: user=0.00 sys=0.00, real=0.00 secs] 
Heap
 par new generation   total 38336K, used 19414K [106810000, 1091a0000, 1091a0000)
  eden space 34112K,  56% used [106810000, 107b04980, 108960000)
  from space 4224K,   0% used [108960000, 108961000, 108d80000)
  to   space 4224K,   0% used [108d80000, 108d80000, 1091a0000)
 concurrent mark-sweep generation total 1006016K, used 71937K [1091a0000, 146810000, 146810000)
 concurrent-mark-sweep perm gen total 49348K, used 29605K [146810000, 149841000, 14bc10000)
